[00:58:46] start_suite.sh
noch nicht root -> sudo -n (NOPASSWD)
[00:58:46] start_suite.sh
gestartet pid=15455 (root)
==================================================================
         CYBERDECK TOR SUITE (WSL2 / RAM-DISK EDITION)          
==================================================================

2026-09-06 00:58:46,715 [INFO] [Eingabe] Prüfe Systemvoraussetzungen...
2026-09-06 00:58:46,719 [INFO] [+] Systemcheck erfolgreich. WSL-IP ermittelt: 172.23.220.58
2026-09-06 00:58:46,720 [INFO] [Verarbeitung] Initialisiere 256MB RAM-Disk (tmpfs)...
2026-09-06 00:58:46,722 [INFO] Mounte 256MB tmpfs auf /mnt/tor_ramdisk...
2026-09-06 00:58:46,726 [INFO] [+] RAM-Disk erfolgreich gemountet.
2026-09-06 00:58:46,727 [INFO] [+] Unterstrukturen für Tor (/mnt/tor_ramdisk/tor_data) und Privoxy (/mnt/tor_ramdisk/privoxy) vorbereitet.
2026-09-06 00:58:46,728 [INFO] [Verarbeitung] Erzeuge dynamische Konfigurationsdateien in der RAM-Disk...
2026-09-06 00:58:46,972 [INFO] [+] Dynamische torrc erfolgreich in RAM-Disk erzeugt: /mnt/tor_ramdisk/torrc
2026-09-06 00:58:46,977 [INFO] [+] Gehärtete Privoxy-Config in RAM-Disk erzeugt: /mnt/tor_ramdisk/privoxy.conf
2026-09-06 00:58:46,978 [INFO] [Verarbeitung] Wende strikte POSIX-Sicherheitsrechte an...
2026-09-06 00:58:46,979 [INFO] Setze strikte Dateirechte & erstelle Systempfade...
2026-09-06 00:58:46,980 [INFO] [+] Pfad /mnt/tor_ramdisk/torrc mit Rechte 0600 & User-UID 136 vorbereitet.
2026-09-06 00:58:46,981 [INFO] [Verarbeitung] Konfiguriere Windows Defender Firewall-Regeln...
2026-09-06 00:58:46,982 [INFO] Konfiguriere Windows-Firewall-Regeln für Ports 8118 (Privoxy) & 8443 (ORPort)...
2026-09-06 00:58:48,708 [INFO] [+] Firewall-Regeln erfolgreich gesetzt (8118 & 8443 TCP).
2026-09-06 00:58:48,709 [INFO] [Verarbeitung] Aktiviere DNS-Leak-Schutz (Redirect 53->5353) & nftables Kill-Switch...
2026-09-06 00:58:48,713 [INFO] [+] /etc/resolv.conf gehärtet und auf lokalen Tor-DNS umgeleitet.
2026-09-06 00:58:48,716 [INFO] [+] DNS-Redirect aktiv: jeder Port-53-Aufruf -> Tor-DNSPort 5353 (kein DNS-Leak).
2026-09-06 00:58:48,720 [INFO] [+] nftables Kill-Switch aktiv (Exklusiver Outbound für Tor-UID 136, DNS-Port 5353).
2026-09-06 00:58:48,721 [INFO] [Verarbeitung] Bereinige verwaiste Tor-Prozesse und aktiviere Tor-Dienst...
2026-09-06 00:58:48,722 [INFO] Stoppe System-Tor-Instanz (tor@default)...
2026-09-06 00:58:48,728 [INFO] Prüfe auf verwaiste Tor-Prozesse und gebe Ports frei...
2026-09-06 00:58:49,238 [INFO] [+] System-Tor gestoppt – Ports frei für den Suite-eigenen Tor (RAM-Disk).
2026-09-06 00:58:49,239 [INFO] [Verarbeitung] Starte Tor-Dienst und Stealth-Relay...
2026-09-06 00:58:49,243 [INFO] [+] Dynamische torrc erfolgreich in RAM-Disk erzeugt: /mnt/tor_ramdisk/torrc
2026-09-06 00:58:49,246 [INFO] Starte Tor als direkten Prozess: tor -f /mnt/tor_ramdisk/torrc
2026-09-06 00:58:51,247 [INFO] Warte auf Tor-Bootstrap (kann bei europäischen Exit-Nodes einen Moment dauern)...
2026-09-06 00:59:13,808 [INFO] [+] Tor erfolgreich gestartet und zu 100% bootstrapped.
2026-09-06 00:59:13,809 [INFO] [*] IP-Changer gestartet (Rotation alle 60 Sekunden).
2026-09-06 00:59:13,814 [INFO] [Verarbeitung] Starte gehärteten Privoxy-Proxy...
2026-09-06 00:59:13,819 [INFO] [+] Gehärtete Privoxy-Config in RAM-Disk erzeugt: /mnt/tor_ramdisk/privoxy.conf
2026-09-06 00:59:13,820 [INFO] Starte Privoxy als direkten Prozess mit RAM-Disk-Config...
2026-09-06 00:59:15,323 [INFO] [+] Privoxy erfolgreich gestartet (Hört auf 0.0.0.0:8118).
2026-09-06 00:59:15,324 [INFO] [Ausgabe] Aktiviere Windows-Systemproxy...
2026-09-06 00:59:15,325 [INFO] Setze Windows-Systemproxy auf 172.23.220.58:8118...
2026-09-06 00:59:15,553 [INFO] [+] Windows-Systemproxy erfolgreich aktiviert (172.23.220.58:8118).

==================================================================
2026-09-06 00:59:15,554 [INFO] [SUCCESS] Tor Suite ist aktiv!
2026-09-06 00:59:15,556 [INFO]  - Privoxy Proxy: 172.23.220.58:8118
2026-09-06 00:59:15,557 [INFO]  - Tor Relay ORPort: 8443
2026-09-06 00:59:15,557 [INFO]  - IP-Rotation: Alle 60 Sekunden
2026-09-06 00:59:15,558 [INFO]  - Spurenschutz: Aktive 256MB RAM-Disk (tmpfs) + nftables Kill-Switch
[00:59:21] start_suite.sh
already-running pid=15455 (kein Doppelstart)
==================================================================
Drücke CTRL+C zum Beenden und sauberen Aufräumen.

2026-09-06 01:00:13,832 [INFO] [+] Signal NEWNYM gesendet: Tor Exit-IP gewechselt.
[01:00:17] stop_suite.sh
SIGTERM gesendet, warte auf sauberen Shutdown...
Cyberdeck Tor Suite herunter...
2026-09-06 01:00:17,740 [INFO] Deaktiviere Windows-Systemproxy...
2026-09-06 01:00:17,984 [INFO] [+] Windows-Systemproxy erfolgreich deaktiviert.
2026-09-06 01:00:17,985 [INFO] Entferne temporäre Windows-Firewall-Regeln...
2026-09-06 01:00:19,707 [INFO] [+] Windows-Firewall-Regeln sauber gelöscht.
2026-09-06 01:00:19,733 [INFO] [+] DNS-Redirect-Tabelle erfolgreich entfernt.
2026-09-06 01:00:19,749 [INFO] [+] nftables Kill-Switch Tabelle erfolgreich gelöscht.
2026-09-06 01:00:19,753 [INFO] [+] Ursprüngliche /etc/resolv.conf wiederhergestellt.
2026-09-06 01:00:19,754 [INFO] Stoppe Privoxy-Dienst...
2026-09-06 01:00:19,757 [INFO] [+] Privoxy sauber beendet.
2026-09-06 01:00:19,758 [INFO] Stoppe Tor-Prozess und IP-Changer...
2026-09-06 01:00:19,933 [INFO] [+] Tor-Prozess sauber beendet.
2026-09-06 01:00:19,934 [INFO] Stoppe tor@default...
2026-09-06 01:00:19,941 [INFO] Prüfe auf verwaiste Tor-Prozesse und gebe Ports frei...
2026-09-06 01:00:20,457 [INFO] [+] tor@default beendet.
2026-09-06 01:00:20,458 [INFO] Unmounte RAM-Disk unter /mnt/tor_ramdisk...
2026-09-06 01:00:20,480 [INFO] [+] RAM-Disk sauber unmountet und Spuren beseitigt.
2026-09-06 01:00:20,481 [INFO] [+] Shutdown abgeschlossen. Sämtliche temporären Daten wurden aus dem RAM gelöscht.
Suite gestoppt.
[01:03:22] start_suite.sh
noch nicht root -> sudo -n (NOPASSWD)
[01:03:22] start_suite.sh
gestartet pid=338720 (root)
==================================================================
         CYBERDECK TOR SUITE (WSL2 / RAM-DISK EDITION)          
==================================================================

2026-09-06 01:03:22,902 [INFO] [Eingabe] Prüfe Systemvoraussetzungen...
2026-09-06 01:03:22,906 [INFO] [+] Systemcheck erfolgreich. WSL-IP ermittelt: 172.23.220.58
2026-09-06 01:03:22,908 [INFO] [Verarbeitung] Initialisiere 256MB RAM-Disk (tmpfs)...
2026-09-06 01:03:22,910 [INFO] Mounte 256MB tmpfs auf /mnt/tor_ramdisk...
2026-09-06 01:03:22,914 [INFO] [+] RAM-Disk erfolgreich gemountet.
2026-09-06 01:03:22,915 [INFO] [+] Unterstrukturen für Tor (/mnt/tor_ramdisk/tor_data) und Privoxy (/mnt/tor_ramdisk/privoxy) vorbereitet.
2026-09-06 01:03:22,916 [INFO] [Verarbeitung] Erzeuge dynamische Konfigurationsdateien in der RAM-Disk...
2026-09-06 01:03:23,180 [INFO] [+] Dynamische torrc erfolgreich in RAM-Disk erzeugt: /mnt/tor_ramdisk/torrc
2026-09-06 01:03:23,185 [INFO] [+] Gehärtete Privoxy-Config in RAM-Disk erzeugt: /mnt/tor_ramdisk/privoxy.conf
2026-09-06 01:03:23,186 [INFO] [Verarbeitung] Wende strikte POSIX-Sicherheitsrechte an...
2026-09-06 01:03:23,187 [INFO] Setze strikte Dateirechte & erstelle Systempfade...
2026-09-06 01:03:23,188 [INFO] [+] Pfad /mnt/tor_ramdisk/torrc mit Rechte 0600 & User-UID 136 vorbereitet.
2026-09-06 01:03:23,190 [INFO] [Verarbeitung] Konfiguriere Windows Defender Firewall-Regeln...
2026-09-06 01:03:23,191 [INFO] Konfiguriere Windows-Firewall-Regeln für Ports 8118 (Privoxy) & 8443 (ORPort)...
2026-09-06 01:03:25,012 [INFO] [+] Firewall-Regeln erfolgreich gesetzt (8118 & 8443 TCP).
2026-09-06 01:03:25,013 [INFO] [Verarbeitung] Aktiviere DNS-Leak-Schutz (Redirect 53->5353) & nftables Kill-Switch...
2026-09-06 01:03:25,016 [INFO] [+] /etc/resolv.conf gehärtet und auf lokalen Tor-DNS umgeleitet.
2026-09-06 01:03:25,020 [INFO] [+] DNS-Redirect aktiv: jeder Port-53-Aufruf -> Tor-DNSPort 5353 (kein DNS-Leak).
2026-09-06 01:03:25,026 [INFO] [+] nftables Kill-Switch aktiv (Exklusiver Outbound für Tor-UID 136, DNS-Port 5353).
2026-09-06 01:03:25,027 [INFO] [Verarbeitung] Bereinige verwaiste Tor-Prozesse und aktiviere Tor-Dienst...
2026-09-06 01:03:25,028 [INFO] Stoppe System-Tor-Instanz (tor@default)...
2026-09-06 01:03:25,035 [INFO] Prüfe auf verwaiste Tor-Prozesse und gebe Ports frei...
2026-09-06 01:03:25,549 [INFO] [+] System-Tor gestoppt – Ports frei für den Suite-eigenen Tor (RAM-Disk).
2026-09-06 01:03:25,550 [INFO] [Verarbeitung] Starte Tor-Dienst und Stealth-Relay...
2026-09-06 01:03:25,555 [INFO] [+] Dynamische torrc erfolgreich in RAM-Disk erzeugt: /mnt/tor_ramdisk/torrc
2026-09-06 01:03:25,558 [INFO] Starte Tor als direkten Prozess: tor -f /mnt/tor_ramdisk/torrc
2026-09-06 01:03:27,559 [INFO] Warte auf Tor-Bootstrap (kann bei europäischen Exit-Nodes einen Moment dauern)...
2026-09-06 01:03:43,834 [INFO] [+] Tor erfolgreich gestartet und zu 100% bootstrapped.
2026-09-06 01:03:43,835 [INFO] [*] IP-Changer gestartet (Rotation alle 60 Sekunden).
2026-09-06 01:03:43,841 [INFO] [Verarbeitung] Starte gehärteten Privoxy-Proxy...
2026-09-06 01:03:43,846 [INFO] [+] Gehärtete Privoxy-Config in RAM-Disk erzeugt: /mnt/tor_ramdisk/privoxy.conf
2026-09-06 01:03:43,847 [INFO] Starte Privoxy als direkten Prozess mit RAM-Disk-Config...
2026-09-06 01:03:45,350 [INFO] [+] Privoxy erfolgreich gestartet (Hört auf 0.0.0.0:8118).
2026-09-06 01:03:45,351 [INFO] [Ausgabe] Aktiviere Windows-Systemproxy...
2026-09-06 01:03:45,352 [INFO] Setze Windows-Systemproxy auf 172.23.220.58:8118...
2026-09-06 01:03:45,583 [INFO] [+] Windows-Systemproxy erfolgreich aktiviert (172.23.220.58:8118).

==================================================================
2026-09-06 01:03:45,584 [INFO] [SUCCESS] Tor Suite ist aktiv!
2026-09-06 01:03:45,585 [INFO]  - Privoxy Proxy: 172.23.220.58:8118
2026-09-06 01:03:45,586 [INFO]  - Tor Relay ORPort: 8443
2026-09-06 01:03:45,586 [INFO]  - IP-Rotation: Alle 60 Sekunden
2026-09-06 01:03:45,587 [INFO]  - Spurenschutz: Aktive 256MB RAM-Disk (tmpfs) + nftables Kill-Switch
==================================================================
Drücke CTRL+C zum Beenden und sauberen Aufräumen.

2026-09-06 01:04:43,855 [INFO] [+] Signal NEWNYM gesendet: Tor Exit-IP gewechselt.
[01:05:30] stop_suite.sh


2026-09-06 01:05:30,059 [INFO] [Cleanup] Fahre Cyberdeck Tor Suite herunter...
2026-09-06 01:05:30,060 [INFO] Deaktiviere Windows-Systemproxy...
2026-09-06 01:05:30,306 [INFO] [+] Windows-Systemproxy erfolgreich deaktiviert.
2026-09-06 01:05:30,308 [INFO] Entferne temporäre Windows-Firewall-Regeln...
2026-09-06 01:05:32,042 [INFO] [+] Windows-Firewall-Regeln sauber gelöscht.
2026-09-06 01:05:32,070 [INFO] [+] DNS-Redirect-Tabelle erfolgreich entfernt.
2026-09-06 01:05:32,089 [INFO] [+] nftables Kill-Switch Tabelle erfolgreich gelöscht.
2026-09-06 01:05:32,092 [INFO] [+] Ursprüngliche /etc/resolv.conf wiederhergestellt.
2026-09-06 01:05:32,093 [INFO] Stoppe Privoxy-Dienst...
2026-09-06 01:05:32,095 [INFO] [+] Privoxy sauber beendet.
2026-09-06 01:05:32,096 [INFO] Stoppe Tor-Prozess und IP-Changer...
2026-09-06 01:05:37,079 [INFO] [+] Tor-Prozess sauber beendet.
2026-09-06 01:05:37,080 [INFO] Stoppe tor@default...
2026-09-06 01:05:37,089 [INFO] Prüfe auf verwaiste Tor-Prozesse und gebe Ports frei...
2026-09-06 01:05:37,604 [INFO] [+] tor@default beendet.
2026-09-06 01:05:37,605 [INFO] Unmounte RAM-Disk unter /mnt/tor_ramdisk...
2026-09-06 01:05:37,616 [INFO] [+] RAM-Disk sauber unmountet und Spuren beseitigt.
2026-09-06 01:05:37,617 [INFO] [+] Shutdown abgeschlossen. Sämtliche temporären Daten wurden aus dem RAM gelöscht.
Suite gestoppt.
[03:08:30] start_suite.sh
gestartet pid=2149 (root)
==================================================================
         CYBERDECK TOR SUITE (WSL2 / RAM-DISK EDITION)          
==================================================================

2026-09-06 03:08:30,781 [INFO] [Eingabe] Prüfe Systemvoraussetzungen...
2026-09-06 03:08:30,786 [INFO] [+] Systemcheck erfolgreich. WSL-IP ermittelt: 172.23.220.58
2026-09-06 03:08:30,787 [INFO] [Verarbeitung] Initialisiere 256MB RAM-Disk (tmpfs)...
2026-09-06 03:08:30,789 [INFO] Mounte 256MB tmpfs auf /mnt/tor_ramdisk...
2026-09-06 03:08:30,794 [INFO] [+] RAM-Disk erfolgreich gemountet.
2026-09-06 03:08:30,796 [INFO] [+] Unterstrukturen für Tor (/mnt/tor_ramdisk/tor_data) und Privoxy (/mnt/tor_ramdisk/privoxy) vorbereitet.
2026-09-06 03:08:30,796 [INFO] [Verarbeitung] Erzeuge dynamische Konfigurationsdateien in der RAM-Disk...
2026-09-06 03:08:31,049 [INFO] [+] Dynamische torrc erfolgreich in RAM-Disk erzeugt: /mnt/tor_ramdisk/torrc
2026-09-06 03:08:31,054 [INFO] [+] Gehärtete Privoxy-Config in RAM-Disk erzeugt: /mnt/tor_ramdisk/privoxy.conf
2026-09-06 03:08:31,055 [INFO] [Verarbeitung] Wende strikte POSIX-Sicherheitsrechte an...
2026-09-06 03:08:31,056 [INFO] Setze strikte Dateirechte & erstelle Systempfade...
2026-09-06 03:08:31,057 [INFO] [+] Pfad /mnt/tor_ramdisk/torrc mit Rechte 0600 & User-UID 136 vorbereitet.
2026-09-06 03:08:31,057 [INFO] [Verarbeitung] Konfiguriere Windows Defender Firewall-Regeln...
2026-09-06 03:08:31,058 [INFO] Konfiguriere Windows-Firewall-Regeln für Ports 8118 (Privoxy) & 8443 (ORPort)...
2026-09-06 03:08:32,790 [INFO] [+] Firewall-Regeln erfolgreich gesetzt (8118 & 8443 TCP).
2026-09-06 03:08:32,792 [INFO] [Verarbeitung] Aktiviere DNS-Leak-Schutz (Redirect 53->5353) & nftables Kill-Switch...
2026-09-06 03:08:32,796 [INFO] [+] /etc/resolv.conf gehärtet und auf lokalen Tor-DNS umgeleitet.
2026-09-06 03:08:32,805 [INFO] [+] DNS-Redirect aktiv: jeder Port-53-Aufruf -> Tor-DNSPort 5353 (kein DNS-Leak).
2026-09-06 03:08:32,810 [INFO] [+] nftables Kill-Switch aktiv (Exklusiver Outbound für Tor-UID 136, DNS-Port 5353).
2026-09-06 03:08:32,811 [INFO] [Verarbeitung] Bereinige verwaiste Tor-Prozesse und aktiviere Tor-Dienst...
2026-09-06 03:08:32,812 [INFO] Stoppe System-Tor-Instanz (tor@default)...
2026-09-06 03:08:32,820 [INFO] Prüfe auf verwaiste Tor-Prozesse und gebe Ports frei...
2026-09-06 03:08:33,330 [INFO] [+] System-Tor gestoppt – Ports frei für den Suite-eigenen Tor (RAM-Disk).
2026-09-06 03:08:33,331 [INFO] [Verarbeitung] Starte Tor-Dienst und Stealth-Relay...
2026-09-06 03:08:33,336 [INFO] [+] Dynamische torrc erfolgreich in RAM-Disk erzeugt: /mnt/tor_ramdisk/torrc
2026-09-06 03:08:33,338 [INFO] Starte Tor als direkten Prozess: tor -f /mnt/tor_ramdisk/torrc
2026-09-06 03:08:35,340 [INFO] Warte auf Tor-Bootstrap (kann bei europäischen Exit-Nodes einen Moment dauern)...
2026-09-06 03:08:56,945 [INFO] [+] Tor erfolgreich gestartet und zu 100% bootstrapped.
2026-09-06 03:08:56,947 [INFO] [*] IP-Changer gestartet (Rotation alle 60 Sekunden).
2026-09-06 03:08:56,952 [INFO] [Verarbeitung] Starte gehärteten Privoxy-Proxy...
2026-09-06 03:08:56,958 [INFO] [+] Gehärtete Privoxy-Config in RAM-Disk erzeugt: /mnt/tor_ramdisk/privoxy.conf
2026-09-06 03:08:56,958 [INFO] Starte Privoxy als direkten Prozess mit RAM-Disk-Config...
2026-09-06 03:08:58,462 [INFO] [+] Privoxy erfolgreich gestartet (Hört auf 0.0.0.0:8118).
2026-09-06 03:08:58,463 [INFO] [Ausgabe] Aktiviere Windows-Systemproxy...
2026-09-06 03:08:58,464 [INFO] Setze Windows-Systemproxy auf 172.23.220.58:8118...
2026-09-06 03:08:58,693 [INFO] [+] Windows-Systemproxy erfolgreich aktiviert (172.23.220.58:8118).

==================================================================
2026-09-06 03:08:58,695 [INFO] [SUCCESS] Tor Suite ist aktiv!
2026-09-06 03:08:58,696 [INFO]  - Privoxy Proxy: 172.23.220.58:8118
2026-09-06 03:08:58,696 [INFO]  - Tor Relay ORPort: 8443
2026-09-06 03:08:58,697 [INFO]  - IP-Rotation: Alle 60 Sekunden
2026-09-06 03:08:58,698 [INFO]  - Spurenschutz: Aktive 256MB RAM-Disk (tmpfs) + nftables Kill-Switch
==================================================================
Drücke CTRL+C zum Beenden und sauberen Aufräumen.

2026-09-06 03:09:56,977 [INFO] [+] Signal NEWNYM gesendet: Tor Exit-IP gewechselt.
2026-09-06 03:10:57,008 [INFO] [+] Signal NEWNYM gesendet: Tor Exit-IP gewechselt.
2026-09-06 03:11:57,027 [INFO] [+] Signal NEWNYM gesendet: Tor Exit-IP gewechselt.
2026-09-06 03:12:57,064 [INFO] [+] Signal NEWNYM gesendet: Tor Exit-IP gewechselt.
2026-09-06 03:13:57,084 [INFO] [+] Signal NEWNYM gesendet: Tor Exit-IP gewechselt.
2026-09-06 03:14:57,106 [INFO] [+] Signal NEWNYM gesendet: Tor Exit-IP gewechselt.
[03:15:26] stop_suite.sh


2026-09-06 03:15:26,492 [INFO] [Cleanup] Fahre Cyberdeck Tor Suite herunter...
2026-09-06 03:15:26,493 [INFO] Deaktiviere Windows-Systemproxy...
2026-09-06 03:15:26,727 [INFO] [+] Windows-Systemproxy erfolgreich deaktiviert.
2026-09-06 03:15:26,729 [INFO] Entferne temporäre Windows-Firewall-Regeln...
2026-09-06 03:15:28,510 [INFO] [+] Windows-Firewall-Regeln sauber gelöscht.
2026-09-06 03:15:28,546 [INFO] [+] DNS-Redirect-Tabelle erfolgreich entfernt.
2026-09-06 03:15:28,586 [INFO] [+] nftables Kill-Switch Tabelle erfolgreich gelöscht.
2026-09-06 03:15:28,592 [INFO] [+] Ursprüngliche /etc/resolv.conf wiederhergestellt.
2026-09-06 03:15:28,592 [INFO] Stoppe Privoxy-Dienst...
2026-09-06 03:15:28,595 [INFO] [+] Privoxy sauber beendet.
2026-09-06 03:15:28,596 [INFO] Stoppe Tor-Prozess und IP-Changer...
2026-09-06 03:15:28,768 [INFO] [+] Tor-Prozess sauber beendet.
2026-09-06 03:15:28,769 [INFO] Stoppe tor@default...
2026-09-06 03:15:28,776 [INFO] Prüfe auf verwaiste Tor-Prozesse und gebe Ports frei...
2026-09-06 03:15:29,286 [INFO] [+] tor@default beendet.
2026-09-06 03:15:29,287 [INFO] Unmounte RAM-Disk unter /mnt/tor_ramdisk...
2026-09-06 03:15:29,311 [INFO] [+] RAM-Disk sauber unmountet und Spuren beseitigt.
2026-09-06 03:15:29,312 [INFO] [+] Shutdown abgeschlossen. Sämtliche temporären Daten wurden aus dem RAM gelöscht.
Suite gestoppt.
[03:17:28] start_suite.sh
gestartet pid=659 (root)
==================================================================
         CYBERDECK TOR SUITE (WSL2 / RAM-DISK EDITION)          
==================================================================

2026-09-06 03:17:29,116 [INFO] [Eingabe] Prüfe Systemvoraussetzungen...
2026-09-06 03:17:29,119 [INFO] [+] Systemcheck erfolgreich. WSL-IP ermittelt: 172.23.220.58
2026-09-06 03:17:29,119 [INFO] [Verarbeitung] Initialisiere 256MB RAM-Disk (tmpfs)...
2026-09-06 03:17:29,121 [INFO] Mounte 256MB tmpfs auf /mnt/tor_ramdisk...
2026-09-06 03:17:29,124 [INFO] [+] RAM-Disk erfolgreich gemountet.
2026-09-06 03:17:29,126 [INFO] [+] Unterstrukturen für Tor (/mnt/tor_ramdisk/tor_data) und Privoxy (/mnt/tor_ramdisk/privoxy) vorbereitet.
2026-09-06 03:17:29,127 [INFO] [Verarbeitung] Erzeuge dynamische Konfigurationsdateien in der RAM-Disk...
2026-09-06 03:17:29,374 [INFO] [+] Dynamische torrc erfolgreich in RAM-Disk erzeugt: /mnt/tor_ramdisk/torrc
2026-09-06 03:17:29,379 [INFO] [+] Gehärtete Privoxy-Config in RAM-Disk erzeugt: /mnt/tor_ramdisk/privoxy.conf
2026-09-06 03:17:29,380 [INFO] [Verarbeitung] Wende strikte POSIX-Sicherheitsrechte an...
2026-09-06 03:17:29,381 [INFO] Setze strikte Dateirechte & erstelle Systempfade...
2026-09-06 03:17:29,382 [INFO] [+] Pfad /mnt/tor_ramdisk/torrc mit Rechte 0600 & User-UID 136 vorbereitet.
2026-09-06 03:17:29,383 [INFO] [Verarbeitung] Konfiguriere Windows Defender Firewall-Regeln...
2026-09-06 03:17:29,383 [INFO] Konfiguriere Windows-Firewall-Regeln für Ports 8118 (Privoxy) & 8443 (ORPort)...
2026-09-06 03:17:31,120 [INFO] [+] Firewall-Regeln erfolgreich gesetzt (8118 & 8443 TCP).
2026-09-06 03:17:31,121 [INFO] [Verarbeitung] Aktiviere DNS-Leak-Schutz (Redirect 53->5353) & nftables Kill-Switch...
2026-09-06 03:17:31,126 [INFO] [+] /etc/resolv.conf gehärtet und auf lokalen Tor-DNS umgeleitet.
2026-09-06 03:17:31,163 [INFO] [+] DNS-Redirect aktiv: jeder Port-53-Aufruf -> Tor-DNSPort 5353 (kein DNS-Leak).
2026-09-06 03:17:31,167 [INFO] [+] nftables Kill-Switch aktiv (Exklusiver Outbound für Tor-UID 136, DNS-Port 5353).
2026-09-06 03:17:31,168 [INFO] [Verarbeitung] Bereinige verwaiste Tor-Prozesse und aktiviere Tor-Dienst...
2026-09-06 03:17:31,169 [INFO] Stoppe System-Tor-Instanz (tor@default)...
2026-09-06 03:17:31,175 [INFO] Prüfe auf verwaiste Tor-Prozesse und gebe Ports frei...
2026-09-06 03:17:31,684 [INFO] [+] System-Tor gestoppt – Ports frei für den Suite-eigenen Tor (RAM-Disk).
2026-09-06 03:17:31,685 [INFO] [Verarbeitung] Starte Tor-Dienst und Stealth-Relay...
2026-09-06 03:17:31,690 [INFO] [+] Dynamische torrc erfolgreich in RAM-Disk erzeugt: /mnt/tor_ramdisk/torrc
2026-09-06 03:17:31,693 [INFO] Starte Tor als direkten Prozess: tor -f /mnt/tor_ramdisk/torrc
2026-09-06 03:17:33,694 [INFO] Warte auf Tor-Bootstrap (kann bei europäischen Exit-Nodes einen Moment dauern)...
2026-09-06 03:19:33,721 [ERROR] [-] Timeout beim Tor-Bootstrap erreicht.
2026-09-06 03:19:33,724 [ERROR]     Sep 06 03:17:31.702 [notice] Opening Socks listener on 127.0.0.1:9050
2026-09-06 03:19:33,724 [ERROR]     Sep 06 03:17:31.702 [notice] Opened Socks listener connection (ready) on 127.0.0.1:9050
2026-09-06 03:19:33,725 [ERROR]     Sep 06 03:17:31.703 [notice] Opening DNS listener on 127.0.0.1:5353
2026-09-06 03:19:33,726 [ERROR]     Sep 06 03:17:31.703 [notice] Opened DNS listener connection (ready) on 127.0.0.1:5353
2026-09-06 03:19:33,727 [ERROR]     Sep 06 03:17:31.704 [notice] Opening Control listener on 0.0.0.0:9051
2026-09-06 03:19:33,728 [ERROR]     Sep 06 03:17:31.704 [notice] Opened Control listener connection (ready) on 0.0.0.0:9051
2026-09-06 03:19:33,728 [ERROR]     Sep 06 03:17:31.704 [notice] Opening OR listener on 0.0.0.0:8443
2026-09-06 03:19:33,729 [ERROR]     Sep 06 03:17:31.705 [notice] Opened OR listener connection (ready) on 0.0.0.0:8443
2026-09-06 03:19:33,730 [ERROR]     Sep 06 03:17:31.705 [notice] Opening OR listener on [::]:8443
2026-09-06 03:19:33,731 [ERROR]     Sep 06 03:17:31.706 [notice] Opened OR listener connection (ready) on [::]:8443


2026-09-06 03:19:33,732 [INFO] [Cleanup] Fahre Cyberdeck Tor Suite herunter...
2026-09-06 03:19:33,733 [INFO] Deaktiviere Windows-Systemproxy...
2026-09-06 03:19:33,960 [INFO] [+] Windows-Systemproxy erfolgreich deaktiviert.
2026-09-06 03:19:33,962 [INFO] Entferne temporäre Windows-Firewall-Regeln...
2026-09-06 03:19:35,712 [INFO] [+] Windows-Firewall-Regeln sauber gelöscht.
2026-09-06 03:19:35,743 [INFO] [+] DNS-Redirect-Tabelle erfolgreich entfernt.
2026-09-06 03:19:35,767 [INFO] [+] nftables Kill-Switch Tabelle erfolgreich gelöscht.
2026-09-06 03:19:35,769 [INFO] [+] Ursprüngliche /etc/resolv.conf wiederhergestellt.
2026-09-06 03:19:35,770 [INFO] Stoppe Privoxy-Dienst...
2026-09-06 03:19:35,771 [INFO] [+] Privoxy sauber beendet.
2026-09-06 03:19:35,772 [INFO] Stoppe Tor-Prozess und IP-Changer...
2026-09-06 03:19:38,199 [INFO] [+] Tor-Prozess sauber beendet.
2026-09-06 03:19:38,200 [INFO] Stoppe tor@default...
2026-09-06 03:19:38,207 [INFO] Prüfe auf verwaiste Tor-Prozesse und gebe Ports frei...
2026-09-06 03:19:38,716 [INFO] [+] tor@default beendet.
2026-09-06 03:19:38,718 [INFO] Unmounte RAM-Disk unter /mnt/tor_ramdisk...
2026-09-06 03:19:38,731 [INFO] [+] RAM-Disk sauber unmountet und Spuren beseitigt.
2026-09-06 03:19:38,732 [INFO] [+] Shutdown abgeschlossen. Sämtliche temporären Daten wurden aus dem RAM gelöscht.
[03:28:45] start_suite.sh
gestartet pid=1335 (root)
==================================================================
         CYBERDECK TOR SUITE (WSL2 / RAM-DISK EDITION)          
==================================================================

2026-09-06 03:28:45,639 [INFO] [Eingabe] Prüfe Systemvoraussetzungen...
2026-09-06 03:28:45,644 [INFO] [+] Systemcheck erfolgreich. WSL-IP ermittelt: 172.23.220.58
2026-09-06 03:28:45,645 [INFO] [Verarbeitung] Initialisiere 256MB RAM-Disk (tmpfs)...
2026-09-06 03:28:45,648 [INFO] Mounte 256MB tmpfs auf /mnt/tor_ramdisk...
2026-09-06 03:28:45,652 [INFO] [+] RAM-Disk erfolgreich gemountet.
2026-09-06 03:28:45,653 [INFO] [+] Unterstrukturen für Tor (/mnt/tor_ramdisk/tor_data) und Privoxy (/mnt/tor_ramdisk/privoxy) vorbereitet.
2026-09-06 03:28:45,654 [INFO] [Verarbeitung] Erzeuge dynamische Konfigurationsdateien in der RAM-Disk...
2026-09-06 03:28:45,916 [INFO] [+] Dynamische torrc erfolgreich in RAM-Disk erzeugt: /mnt/tor_ramdisk/torrc
2026-09-06 03:28:45,921 [INFO] [+] Gehärtete Privoxy-Config in RAM-Disk erzeugt: /mnt/tor_ramdisk/privoxy.conf
2026-09-06 03:28:45,922 [INFO] [Verarbeitung] Wende strikte POSIX-Sicherheitsrechte an...
2026-09-06 03:28:45,923 [INFO] Setze strikte Dateirechte & erstelle Systempfade...
2026-09-06 03:28:45,924 [INFO] [+] Pfad /mnt/tor_ramdisk/torrc mit Rechte 0600 & User-UID 136 vorbereitet.
2026-09-06 03:28:45,925 [INFO] [Verarbeitung] Konfiguriere Windows Defender Firewall-Regeln...
2026-09-06 03:28:45,926 [INFO] Konfiguriere Windows-Firewall-Regeln für Ports 8118 (Privoxy) & 8443 (ORPort)...
2026-09-06 03:28:47,698 [INFO] [+] Firewall-Regeln erfolgreich gesetzt (8118 & 8443 TCP).
2026-09-06 03:28:47,700 [INFO] [Verarbeitung] Aktiviere DNS-Leak-Schutz (Redirect 53->5353) & nftables Kill-Switch...
2026-09-06 03:28:47,705 [INFO] [+] /etc/resolv.conf gehärtet und auf lokalen Tor-DNS umgeleitet.
2026-09-06 03:28:47,718 [INFO] [+] DNS-Redirect aktiv: jeder Port-53-Aufruf -> Tor-DNSPort 5353 (kein DNS-Leak).
2026-09-06 03:28:47,722 [INFO] [+] nftables Kill-Switch aktiv (Exklusiver Outbound für Tor-UID 136, DNS-Port 5353).
2026-09-06 03:28:47,723 [INFO] [Verarbeitung] Bereinige verwaiste Tor-Prozesse und aktiviere Tor-Dienst...
2026-09-06 03:28:47,724 [INFO] Stoppe System-Tor-Instanz (tor@default)...
2026-09-06 03:28:47,733 [INFO] Prüfe auf verwaiste Tor-Prozesse und gebe Ports frei...
2026-09-06 03:28:48,242 [INFO] [+] System-Tor gestoppt – Ports frei für den Suite-eigenen Tor (RAM-Disk).
2026-09-06 03:28:48,244 [INFO] [Verarbeitung] Starte Tor-Dienst und Stealth-Relay...
2026-09-06 03:28:48,248 [INFO] [+] Dynamische torrc erfolgreich in RAM-Disk erzeugt: /mnt/tor_ramdisk/torrc
2026-09-06 03:28:48,251 [INFO] Starte Tor als direkten Prozess: tor -f /mnt/tor_ramdisk/torrc
2026-09-06 03:28:50,252 [INFO] Warte auf Tor-Bootstrap (kann bei europäischen Exit-Nodes einen Moment dauern)...
2026-09-06 03:29:10,739 [INFO] [+] Tor erfolgreich gestartet und zu 100% bootstrapped.
2026-09-06 03:29:10,741 [INFO] [*] IP-Changer gestartet (Rotation alle 120 Sekunden).
2026-09-06 03:29:10,747 [INFO] [Verarbeitung] Starte gehärteten Privoxy-Proxy...
2026-09-06 03:29:10,752 [INFO] [+] Gehärtete Privoxy-Config in RAM-Disk erzeugt: /mnt/tor_ramdisk/privoxy.conf
2026-09-06 03:29:10,753 [INFO] Starte Privoxy als direkten Prozess mit RAM-Disk-Config...
2026-09-06 03:29:12,258 [INFO] [+] Privoxy erfolgreich gestartet (Hört auf 0.0.0.0:8118).
2026-09-06 03:29:12,259 [INFO] [Ausgabe] Aktiviere Windows-Systemproxy...
2026-09-06 03:29:12,260 [INFO] Setze Windows-Systemproxy auf 172.23.220.58:8118...
2026-09-06 03:29:12,496 [INFO] [+] Windows-Systemproxy erfolgreich aktiviert (172.23.220.58:8118).

==================================================================
2026-09-06 03:29:12,497 [INFO] [SUCCESS] Tor Suite ist aktiv!
2026-09-06 03:29:12,498 [INFO]  - Privoxy Proxy: 172.23.220.58:8118
2026-09-06 03:29:12,499 [INFO]  - Tor Relay ORPort: 8443
2026-09-06 03:29:12,500 [INFO]  - IP-Rotation: Alle 120 Sekunden
2026-09-06 03:29:12,501 [INFO]  - Spurenschutz: Aktive 256MB RAM-Disk (tmpfs) + nftables Kill-Switch
[03:30:49] start_suite.sh
already-running pid=1335 (kein Doppelstart)
==================================================================
Drücke CTRL+C zum Beenden und sauberen Aufräumen.

2026-09-06 03:31:10,806 [INFO] [+] Signal NEWNYM gesendet: Tor Exit-IP gewechselt.
2026-09-06 03:33:10,828 [INFO] [+] Signal NEWNYM gesendet: Tor Exit-IP gewechselt.
2026-09-06 03:35:10,851 [INFO] [+] Signal NEWNYM gesendet: Tor Exit-IP gewechselt.
2026-09-06 03:37:10,891 [INFO] [+] Signal NEWNYM gesendet: Tor Exit-IP gewechselt.
2026-09-06 03:39:12,970 [INFO] [+] Signal NEWNYM gesendet: Tor Exit-IP gewechselt.
2026-09-06 03:41:13,024 [INFO] [+] Signal NEWNYM gesendet: Tor Exit-IP gewechselt.
2026-09-06 03:43:13,052 [INFO] [+] Signal NEWNYM gesendet: Tor Exit-IP gewechselt.
2026-09-06 03:45:13,079 [INFO] [+] Signal NEWNYM gesendet: Tor Exit-IP gewechselt.
2026-09-06 03:47:13,102 [INFO] [+] Signal NEWNYM gesendet: Tor Exit-IP gewechselt.
2026-09-06 03:49:13,125 [INFO] [+] Signal NEWNYM gesendet: Tor Exit-IP gewechselt.
2026-09-06 03:51:13,151 [INFO] [+] Signal NEWNYM gesendet: Tor Exit-IP gewechselt.
2026-09-06 03:53:13,177 [INFO] [+] Signal NEWNYM gesendet: Tor Exit-IP gewechselt.
2026-09-06 03:55:13,210 [INFO] [+] Signal NEWNYM gesendet: Tor Exit-IP gewechselt.
2026-09-06 03:57:13,241 [INFO] [+] Signal NEWNYM gesendet: Tor Exit-IP gewechselt.
2026-09-06 03:59:13,274 [INFO] [+] Signal NEWNYM gesendet: Tor Exit-IP gewechselt.
2026-09-06 04:01:13,305 [INFO] [+] Signal NEWNYM gesendet: Tor Exit-IP gewechselt.
2026-09-06 04:03:13,337 [INFO] [+] Signal NEWNYM gesendet: Tor Exit-IP gewechselt.
2026-09-06 04:05:13,372 [INFO] [+] Signal NEWNYM gesendet: Tor Exit-IP gewechselt.
2026-09-06 04:07:13,418 [INFO] [+] Signal NEWNYM gesendet: Tor Exit-IP gewechselt.
2026-09-06 04:09:13,458 [INFO] [+] Signal NEWNYM gesendet: Tor Exit-IP gewechselt.
2026-09-06 04:11:13,485 [INFO] [+] Signal NEWNYM gesendet: Tor Exit-IP gewechselt.
2026-09-06 04:13:13,515 [INFO] [+] Signal NEWNYM gesendet: Tor Exit-IP gewechselt.
2026-09-06 04:15:13,541 [INFO] [+] Signal NEWNYM gesendet: Tor Exit-IP gewechselt.
2026-09-06 04:17:13,572 [INFO] [+] Signal NEWNYM gesendet: Tor Exit-IP gewechselt.
2026-09-06 04:19:13,599 [INFO] [+] Signal NEWNYM gesendet: Tor Exit-IP gewechselt.
2026-09-06 04:21:13,631 [INFO] [+] Signal NEWNYM gesendet: Tor Exit-IP gewechselt.
2026-09-06 04:23:13,658 [INFO] [+] Signal NEWNYM gesendet: Tor Exit-IP gewechselt.
[04:24:31] start_suite.sh
already-running pid=1335 (kein Doppelstart)
[04:24:55] stop_suite.sh
SIGTERM gesendet, warte auf sauberen Shutdown...
Cyberdeck Tor Suite herunter...
2026-09-06 04:24:55,733 [INFO] Deaktiviere Windows-Systemproxy...
2026-09-06 04:24:55,957 [INFO] [+] Windows-Systemproxy erfolgreich deaktiviert.
2026-09-06 04:24:55,959 [INFO] Entferne temporäre Windows-Firewall-Regeln...
2026-09-06 04:24:57,711 [INFO] [+] Windows-Firewall-Regeln sauber gelöscht.
2026-09-06 04:24:57,738 [INFO] [+] DNS-Redirect-Tabelle erfolgreich entfernt.
2026-09-06 04:24:57,753 [INFO] [+] nftables Kill-Switch Tabelle erfolgreich gelöscht.
2026-09-06 04:24:57,757 [INFO] [+] Ursprüngliche /etc/resolv.conf wiederhergestellt.
2026-09-06 04:24:57,758 [INFO] Stoppe Privoxy-Dienst...
2026-09-06 04:24:57,761 [INFO] [+] Privoxy sauber beendet.
2026-09-06 04:24:57,762 [INFO] Stoppe Tor-Prozess und IP-Changer...
2026-09-06 04:25:02,768 [INFO] [+] Tor-Prozess sauber beendet.
2026-09-06 04:25:02,769 [INFO] Stoppe tor@default...
2026-09-06 04:25:02,776 [INFO] Prüfe auf verwaiste Tor-Prozesse und gebe Ports frei...
2026-09-06 04:25:03,284 [INFO] [+] tor@default beendet.
2026-09-06 04:25:03,286 [INFO] Unmounte RAM-Disk unter /mnt/tor_ramdisk...
2026-09-06 04:25:03,307 [INFO] [+] RAM-Disk sauber unmountet und Spuren beseitigt.
2026-09-06 04:25:03,308 [INFO] [+] Shutdown abgeschlossen. Sämtliche temporären Daten wurden aus dem RAM gelöscht.
Suite gestoppt.
[04:35:25] start_suite.sh
noch nicht root -> sudo -n (NOPASSWD)
[04:35:25] start_suite.sh
gestartet pid=3486 (root)
==================================================================
         CYBERDECK TOR SUITE (WSL2 / RAM-DISK EDITION)          
==================================================================

2026-09-06 04:35:26,177 [INFO] [Vorbereitung] Entferne ggf. übrig gebliebenen Windows-Systemproxy (Stale-State)...
2026-09-06 04:35:26,178 [INFO] Deaktiviere Windows-Systemproxy...
2026-09-06 04:35:26,445 [INFO] [+] Windows-Systemproxy erfolgreich deaktiviert.
2026-09-06 04:35:26,447 [INFO] [Eingabe] Prüfe Systemvoraussetzungen...
2026-09-06 04:35:26,451 [INFO] [+] Systemcheck erfolgreich. WSL-IP ermittelt: 172.23.220.58
2026-09-06 04:35:26,452 [INFO] [Verarbeitung] Initialisiere 256MB RAM-Disk (tmpfs)...
2026-09-06 04:35:26,455 [INFO] Mounte 256MB tmpfs auf /mnt/tor_ramdisk...
2026-09-06 04:35:26,460 [INFO] [+] RAM-Disk erfolgreich gemountet.
2026-09-06 04:35:26,461 [INFO] [+] Unterstrukturen für Tor (/mnt/tor_ramdisk/tor_data) und Privoxy (/mnt/tor_ramdisk/privoxy) vorbereitet.
2026-09-06 04:35:26,462 [INFO] [Verarbeitung] Erzeuge dynamische Konfigurationsdateien in der RAM-Disk...
2026-09-06 04:35:26,740 [INFO] [+] Dynamische torrc erfolgreich in RAM-Disk erzeugt: /mnt/tor_ramdisk/torrc
2026-09-06 04:35:26,746 [INFO] [+] Gehärtete Privoxy-Config in RAM-Disk erzeugt: /mnt/tor_ramdisk/privoxy.conf
2026-09-06 04:35:26,747 [INFO] [Verarbeitung] Wende strikte POSIX-Sicherheitsrechte an...
2026-09-06 04:35:26,748 [INFO] Setze strikte Dateirechte & erstelle Systempfade...
2026-09-06 04:35:26,749 [INFO] [+] Pfad /mnt/tor_ramdisk/torrc mit Rechte 0600 & User-UID 136 vorbereitet.
2026-09-06 04:35:26,750 [INFO] [Verarbeitung] Konfiguriere Windows Defender Firewall-Regeln...
2026-09-06 04:35:26,751 [INFO] Konfiguriere Windows-Firewall-Regeln für Ports 8118 (Privoxy) & 8443 (ORPort)...
2026-09-06 04:35:28,749 [INFO] [+] Firewall-Regeln erfolgreich gesetzt (8118 & 8443 TCP).
2026-09-06 04:35:28,750 [INFO] [Verarbeitung] Bereinige verwaiste Tor-Prozesse und aktiviere Tor-Dienst...
2026-09-06 04:35:28,751 [INFO] Stoppe System-Tor-Instanz (tor@default)...
2026-09-06 04:35:28,758 [INFO] Prüfe auf verwaiste Tor-Prozesse und gebe Ports frei...
2026-09-06 04:35:29,268 [INFO] [+] System-Tor gestoppt – Ports frei für den Suite-eigenen Tor (RAM-Disk).
2026-09-06 04:35:29,269 [INFO] [Verarbeitung] Starte Tor-Dienst und Stealth-Relay (warte auf Bootstrap 100%)...
2026-09-06 04:35:29,273 [INFO] [+] Dynamische torrc erfolgreich in RAM-Disk erzeugt: /mnt/tor_ramdisk/torrc
2026-09-06 04:35:29,276 [INFO] Starte Tor als direkten Prozess: tor -f /mnt/tor_ramdisk/torrc
2026-09-06 04:35:31,277 [INFO] Warte auf Tor-Bootstrap (kann bei europäischen Exit-Nodes einen Moment dauern)...
2026-09-06 04:35:55,226 [INFO] [+] Tor erfolgreich gestartet und zu 100% bootstrapped.
2026-09-06 04:35:55,227 [INFO] [*] IP-Changer gestartet (Rotation alle 120 Sekunden).
2026-09-06 04:35:55,233 [INFO] [Verarbeitung] Tor bootstrapped (100%) – aktiviere DNS-Leak-Schutz & Kill-Switch...
2026-09-06 04:35:55,238 [INFO] [+] /etc/resolv.conf gehärtet und auf lokalen Tor-DNS umgeleitet.
2026-09-06 04:35:55,242 [INFO] [+] DNS-Redirect aktiv: jeder Port-53-Aufruf -> Tor-DNSPort 5353 (kein DNS-Leak).
2026-09-06 04:35:55,246 [INFO] [+] nftables Kill-Switch aktiv (Exklusiver Outbound für Tor-UID 136, DNS-Port 5353).
2026-09-06 04:35:55,247 [INFO] [Verarbeitung] Starte gehärteten Privoxy-Proxy...
2026-09-06 04:35:55,252 [INFO] [+] Gehärtete Privoxy-Config in RAM-Disk erzeugt: /mnt/tor_ramdisk/privoxy.conf
2026-09-06 04:35:55,253 [INFO] Starte Privoxy als direkten Prozess mit RAM-Disk-Config...
2026-09-06 04:35:56,757 [INFO] [+] Privoxy erfolgreich gestartet (Hört auf 0.0.0.0:8118).
2026-09-06 04:35:56,758 [INFO] [Ausgabe] Aktiviere Windows-Systemproxy...
2026-09-06 04:35:56,759 [INFO] Setze Windows-Systemproxy auf 172.23.220.58:8118...
2026-09-06 04:35:56,993 [INFO] [+] Windows-Systemproxy erfolgreich aktiviert (172.23.220.58:8118).

==================================================================
2026-09-06 04:35:56,995 [INFO] [SUCCESS] Tor Suite ist aktiv!
2026-09-06 04:35:56,995 [INFO]  - Privoxy Proxy: 172.23.220.58:8118
2026-09-06 04:35:56,996 [INFO]  - Tor Relay ORPort: 8443
2026-09-06 04:35:56,997 [INFO]  - IP-Rotation: Alle 120 Sekunden
2026-09-06 04:35:56,998 [INFO]  - Spurenschutz: Aktive 256MB RAM-Disk (tmpfs) + nftables Kill-Switch
==================================================================
Drücke CTRL+C zum Beenden und sauberen Aufräumen.

2026-09-06 04:37:55,266 [INFO] [+] Signal NEWNYM gesendet: Tor Exit-IP gewechselt.
2026-09-06 04:39:55,294 [INFO] [+] Signal NEWNYM gesendet: Tor Exit-IP gewechselt.
2026-09-06 04:41:55,325 [INFO] [+] Signal NEWNYM gesendet: Tor Exit-IP gewechselt.
2026-09-06 04:43:55,356 [INFO] [+] Signal NEWNYM gesendet: Tor Exit-IP gewechselt.
2026-09-06 04:45:56,739 [INFO] [+] Signal NEWNYM gesendet: Tor Exit-IP gewechselt.
2026-09-06 04:47:56,768 [INFO] [+] Signal NEWNYM gesendet: Tor Exit-IP gewechselt.
2026-09-06 04:49:56,807 [INFO] [+] Signal NEWNYM gesendet: Tor Exit-IP gewechselt.
2026-09-06 04:51:58,947 [INFO] [+] Signal NEWNYM gesendet: Tor Exit-IP gewechselt.
2026-09-06 04:53:58,978 [INFO] [+] Signal NEWNYM gesendet: Tor Exit-IP gewechselt.
2026-09-06 04:55:59,005 [INFO] [+] Signal NEWNYM gesendet: Tor Exit-IP gewechselt.
2026-09-06 04:57:59,036 [INFO] [+] Signal NEWNYM gesendet: Tor Exit-IP gewechselt.
2026-09-06 04:59:59,066 [INFO] [+] Signal NEWNYM gesendet: Tor Exit-IP gewechselt.
2026-09-06 05:02:01,272 [INFO] [+] Signal NEWNYM gesendet: Tor Exit-IP gewechselt.
2026-09-06 05:04:01,311 [INFO] [+] Signal NEWNYM gesendet: Tor Exit-IP gewechselt.
2026-09-06 05:06:01,341 [INFO] [+] Signal NEWNYM gesendet: Tor Exit-IP gewechselt.
2026-09-06 05:08:01,372 [INFO] [+] Signal NEWNYM gesendet: Tor Exit-IP gewechselt.
2026-09-06 05:10:03,537 [INFO] [+] Signal NEWNYM gesendet: Tor Exit-IP gewechselt.
2026-09-06 05:12:03,572 [INFO] [+] Signal NEWNYM gesendet: Tor Exit-IP gewechselt.
2026-09-06 05:14:03,598 [INFO] [+] Signal NEWNYM gesendet: Tor Exit-IP gewechselt.
2026-09-06 05:16:03,625 [INFO] [+] Signal NEWNYM gesendet: Tor Exit-IP gewechselt.
2026-09-06 05:18:05,813 [INFO] [+] Signal NEWNYM gesendet: Tor Exit-IP gewechselt.
2026-09-06 05:20:05,853 [INFO] [+] Signal NEWNYM gesendet: Tor Exit-IP gewechselt.
[05:21:54] start_suite.sh
already-running pid=3486 (kein Doppelstart)
2026-09-06 05:22:05,879 [INFO] [+] Signal NEWNYM gesendet: Tor Exit-IP gewechselt.
2026-09-06 05:24:08,056 [INFO] [+] Signal NEWNYM gesendet: Tor Exit-IP gewechselt.
2026-09-06 05:26:08,085 [INFO] [+] Signal NEWNYM gesendet: Tor Exit-IP gewechselt.
[05:26:43] start_suite.sh
already-running pid=3486 (kein Doppelstart)
2026-09-06 05:28:08,099 [ERROR] [-] Fehler beim Verbinden mit ControlPort (9051): [Errno 111] Connection refused
[05:28:33] stop_suite.sh


2026-09-06 05:28:33,611 [INFO] [Cleanup] Fahre Cyberdeck Tor Suite herunter...
2026-09-06 05:28:33,612 [INFO] Deaktiviere Windows-Systemproxy...
2026-09-06 05:28:33,850 [INFO] [+] Windows-Systemproxy erfolgreich deaktiviert.
2026-09-06 05:28:33,852 [INFO] Entferne temporäre Windows-Firewall-Regeln...
2026-09-06 05:28:35,640 [INFO] [+] Windows-Firewall-Regeln sauber gelöscht.
2026-09-06 05:28:35,667 [INFO] [+] DNS-Redirect-Tabelle erfolgreich entfernt.
2026-09-06 05:28:35,691 [INFO] [+] nftables Kill-Switch Tabelle erfolgreich gelöscht.
2026-09-06 05:28:35,695 [INFO] [+] Ursprüngliche /etc/resolv.conf wiederhergestellt.
2026-09-06 05:28:35,696 [INFO] Stoppe Privoxy-Dienst...
2026-09-06 05:28:35,697 [INFO] [+] Privoxy sauber beendet.
2026-09-06 05:28:35,698 [INFO] Stoppe Tor-Prozess und IP-Changer...
2026-09-06 05:28:35,705 [INFO] [+] Tor-Prozess sauber beendet.
2026-09-06 05:28:35,706 [INFO] Stoppe tor@default...
2026-09-06 05:28:35,712 [INFO] Prüfe auf verwaiste Tor-Prozesse und gebe Ports frei...
2026-09-06 05:28:36,222 [INFO] [+] tor@default beendet.
2026-09-06 05:28:36,224 [INFO] Unmounte RAM-Disk unter /mnt/tor_ramdisk...
2026-09-06 05:28:36,229 [INFO] [+] RAM-Disk sauber unmountet und Spuren beseitigt.
2026-09-06 05:28:36,230 [INFO] [+] Shutdown abgeschlossen. Sämtliche temporären Daten wurden aus dem RAM gelöscht.
Suite gestoppt.
[05:28:36] start_suite.sh
gestartet pid=7818 (root)
==================================================================
         CYBERDECK TOR SUITE (WSL2 / RAM-DISK EDITION)          
==================================================================

2026-09-06 05:28:37,182 [INFO] [Vorbereitung] Entferne ggf. übrig gebliebenen Windows-Systemproxy (Stale-State)...
2026-09-06 05:28:37,183 [INFO] Deaktiviere Windows-Systemproxy...
2026-09-06 05:28:37,408 [INFO] [+] Windows-Systemproxy erfolgreich deaktiviert.
2026-09-06 05:28:37,409 [INFO] [Eingabe] Prüfe Systemvoraussetzungen...
2026-09-06 05:28:37,414 [INFO] [+] Systemcheck erfolgreich. WSL-IP ermittelt: 172.23.220.58
2026-09-06 05:28:37,415 [INFO] [Verarbeitung] Initialisiere 256MB RAM-Disk (tmpfs)...
2026-09-06 05:28:37,416 [INFO] Mounte 256MB tmpfs auf /mnt/tor_ramdisk...
2026-09-06 05:28:37,419 [INFO] [+] RAM-Disk erfolgreich gemountet.
2026-09-06 05:28:37,421 [INFO] [+] Unterstrukturen für Tor (/mnt/tor_ramdisk/tor_data) und Privoxy (/mnt/tor_ramdisk/privoxy) vorbereitet.
2026-09-06 05:28:37,422 [INFO] [Verarbeitung] Erzeuge dynamische Konfigurationsdateien in der RAM-Disk...
2026-09-06 05:28:37,670 [INFO] [+] Dynamische torrc erfolgreich in RAM-Disk erzeugt: /mnt/tor_ramdisk/torrc
2026-09-06 05:28:37,679 [INFO] [+] Privoxy user.action (Härtung) in RAM-Disk erzeugt: /mnt/tor_ramdisk/user.action
2026-09-06 05:28:37,680 [INFO] [+] Gehärtete Privoxy-Config in RAM-Disk erzeugt: /mnt/tor_ramdisk/privoxy.conf
2026-09-06 05:28:37,680 [INFO] [Verarbeitung] Wende strikte POSIX-Sicherheitsrechte an...
2026-09-06 05:28:37,681 [INFO] Setze strikte Dateirechte & erstelle Systempfade...
2026-09-06 05:28:37,682 [INFO] [+] Pfad /mnt/tor_ramdisk/torrc mit Rechte 0600 & User-UID 136 vorbereitet.
2026-09-06 05:28:37,683 [INFO] [Verarbeitung] Konfiguriere Windows Defender Firewall-Regeln...
2026-09-06 05:28:37,684 [INFO] Konfiguriere Windows-Firewall-Regeln für Ports 8118 (Privoxy) & 8443 (ORPort)...
2026-09-06 05:28:39,380 [INFO] [+] Firewall-Regeln erfolgreich gesetzt (8118 & 8443 TCP).
2026-09-06 05:28:39,382 [INFO] [Verarbeitung] Bereinige verwaiste Tor-Prozesse und aktiviere Tor-Dienst...
2026-09-06 05:28:39,383 [INFO] Stoppe System-Tor-Instanz (tor@default)...
2026-09-06 05:28:39,389 [INFO] Prüfe auf verwaiste Tor-Prozesse und gebe Ports frei...
2026-09-06 05:28:39,900 [INFO] [+] System-Tor gestoppt – Ports frei für den Suite-eigenen Tor (RAM-Disk).
2026-09-06 05:28:39,901 [INFO] [Verarbeitung] Starte Tor-Dienst und Stealth-Relay (warte auf Bootstrap 100%)...
2026-09-06 05:28:39,906 [INFO] [+] Dynamische torrc erfolgreich in RAM-Disk erzeugt: /mnt/tor_ramdisk/torrc
2026-09-06 05:28:39,908 [INFO] Starte Tor als direkten Prozess: tor -f /mnt/tor_ramdisk/torrc
2026-09-06 05:28:41,910 [INFO] Warte auf Tor-Bootstrap (kann bei europäischen Exit-Nodes einen Moment dauern)...
2026-09-06 05:28:52,991 [INFO] [+] Tor erfolgreich gestartet und zu 100% bootstrapped.
2026-09-06 05:28:52,992 [INFO] [*] IP-Changer gestartet (Rotation alle 120 Sekunden).
2026-09-06 05:28:52,998 [INFO] [Verarbeitung] Tor bootstrapped (100%) – aktiviere DNS-Leak-Schutz & Kill-Switch...
2026-09-06 05:28:53,001 [INFO] [+] /etc/resolv.conf gehärtet und auf lokalen Tor-DNS umgeleitet.
2026-09-06 05:28:53,005 [INFO] [+] DNS-Redirect aktiv: jeder Port-53-Aufruf -> Tor-DNSPort 5353 (kein DNS-Leak).
2026-09-06 05:28:53,009 [INFO] [+] nftables Kill-Switch aktiv (Exklusiver Outbound für Tor-UID 136, DNS-Port 5353).
2026-09-06 05:28:53,010 [INFO] [Verarbeitung] Starte gehärteten Privoxy-Proxy...
2026-09-06 05:28:53,019 [INFO] [+] Privoxy user.action (Härtung) in RAM-Disk erzeugt: /mnt/tor_ramdisk/user.action
2026-09-06 05:28:53,019 [INFO] [+] Gehärtete Privoxy-Config in RAM-Disk erzeugt: /mnt/tor_ramdisk/privoxy.conf
2026-09-06 05:28:53,020 [INFO] Starte Privoxy als direkten Prozess mit RAM-Disk-Config...
2026-09-06 05:28:56,676 [INFO] [+] Privoxy erfolgreich gestartet (Hört auf 0.0.0.0:8118).
2026-09-06 05:28:56,677 [INFO] [Ausgabe] Aktiviere Windows-Systemproxy...
2026-09-06 05:28:56,678 [INFO] Setze Windows-Systemproxy auf 172.23.220.58:8118...
2026-09-06 05:28:56,945 [INFO] [+] Windows-Systemproxy erfolgreich aktiviert (172.23.220.58:8118).

==================================================================
2026-09-06 05:28:56,947 [INFO] [SUCCESS] Tor Suite ist aktiv!
2026-09-06 05:28:56,949 [INFO]  - Privoxy Proxy: 172.23.220.58:8118
2026-09-06 05:28:56,950 [INFO]  - Tor Relay ORPort: 8443
2026-09-06 05:28:56,951 [INFO]  - IP-Rotation: Alle 120 Sekunden
2026-09-06 05:28:56,952 [INFO]  - Spurenschutz: Aktive 256MB RAM-Disk (tmpfs) + nftables Kill-Switch
==================================================================
Drücke CTRL+C zum Beenden und sauberen Aufräumen.

2026-09-06 05:30:55,178 [INFO] [+] Signal NEWNYM gesendet: Tor Exit-IP gewechselt.
2026-09-06 05:32:55,203 [INFO] [+] Signal NEWNYM gesendet: Tor Exit-IP gewechselt.
2026-09-06 05:34:55,226 [INFO] [+] Signal NEWNYM gesendet: Tor Exit-IP gewechselt.
2026-09-06 05:36:55,248 [INFO] [+] Signal NEWNYM gesendet: Tor Exit-IP gewechselt.
2026-09-06 05:38:57,430 [INFO] [+] Signal NEWNYM gesendet: Tor Exit-IP gewechselt.
2026-09-06 05:40:57,460 [INFO] [+] Signal NEWNYM gesendet: Tor Exit-IP gewechselt.
2026-09-06 05:42:57,496 [INFO] [+] Signal NEWNYM gesendet: Tor Exit-IP gewechselt.
2026-09-06 05:44:59,473 [INFO] [+] Signal NEWNYM gesendet: Tor Exit-IP gewechselt.
2026-09-06 05:46:59,499 [INFO] [+] Signal NEWNYM gesendet: Tor Exit-IP gewechselt.
2026-09-06 05:48:59,521 [INFO] [+] Signal NEWNYM gesendet: Tor Exit-IP gewechselt.
[05:50:47] stop_suite.sh


2026-09-06 05:50:47,490 [INFO] [Cleanup] Fahre Cyberdeck Tor Suite herunter...
2026-09-06 05:50:47,492 [INFO] Deaktiviere Windows-Systemproxy...
2026-09-06 05:50:47,744 [INFO] [+] Windows-Systemproxy erfolgreich deaktiviert.
2026-09-06 05:50:47,745 [INFO] Entferne temporäre Windows-Firewall-Regeln...
2026-09-06 05:50:49,466 [INFO] [+] Windows-Firewall-Regeln sauber gelöscht.
2026-09-06 05:50:49,491 [INFO] [+] DNS-Redirect-Tabelle erfolgreich entfernt.
2026-09-06 05:50:49,515 [INFO] [+] nftables Kill-Switch Tabelle erfolgreich gelöscht.
2026-09-06 05:50:49,520 [INFO] [+] Ursprüngliche /etc/resolv.conf wiederhergestellt.
2026-09-06 05:50:49,521 [INFO] Stoppe Privoxy-Dienst...
2026-09-06 05:50:49,523 [INFO] [+] Privoxy sauber beendet.
2026-09-06 05:50:49,524 [INFO] Stoppe Tor-Prozess und IP-Changer...
2026-09-06 05:50:52,804 [INFO] [+] Tor-Prozess sauber beendet.
2026-09-06 05:50:52,805 [INFO] Stoppe tor@default...
2026-09-06 05:50:52,812 [INFO] Prüfe auf verwaiste Tor-Prozesse und gebe Ports frei...
2026-09-06 05:50:53,322 [INFO] [+] tor@default beendet.
2026-09-06 05:50:53,323 [INFO] Unmounte RAM-Disk unter /mnt/tor_ramdisk...
2026-09-06 05:50:53,345 [INFO] [+] RAM-Disk sauber unmountet und Spuren beseitigt.
2026-09-06 05:50:53,346 [INFO] [+] Shutdown abgeschlossen. Sämtliche temporären Daten wurden aus dem RAM gelöscht.
Suite gestoppt.
[05:50:59] start_suite.sh
gestartet pid=8565 (root)
==================================================================
         CYBERDECK TOR SUITE (WSL2 / RAM-DISK EDITION)          
==================================================================

2026-09-06 05:50:59,825 [INFO] [Vorbereitung] Entferne ggf. übrig gebliebenen Windows-Systemproxy (Stale-State)...
2026-09-06 05:50:59,826 [INFO] Deaktiviere Windows-Systemproxy...
2026-09-06 05:51:00,051 [INFO] [+] Windows-Systemproxy erfolgreich deaktiviert.
2026-09-06 05:51:00,052 [INFO] [Eingabe] Prüfe Systemvoraussetzungen...
2026-09-06 05:51:00,056 [INFO] [+] Systemcheck erfolgreich. WSL-IP ermittelt: 172.23.220.58
2026-09-06 05:51:00,057 [INFO] [Verarbeitung] Initialisiere 256MB RAM-Disk (tmpfs)...
2026-09-06 05:51:00,059 [INFO] Mounte 256MB tmpfs auf /mnt/tor_ramdisk...
2026-09-06 05:51:00,062 [INFO] [+] RAM-Disk erfolgreich gemountet.
2026-09-06 05:51:00,063 [INFO] [+] Unterstrukturen für Tor (/mnt/tor_ramdisk/tor_data) und Privoxy (/mnt/tor_ramdisk/privoxy) vorbereitet.
2026-09-06 05:51:00,064 [INFO] [Verarbeitung] Erzeuge dynamische Konfigurationsdateien in der RAM-Disk...
2026-09-06 05:51:00,307 [INFO] [+] Dynamische torrc erfolgreich in RAM-Disk erzeugt: /mnt/tor_ramdisk/torrc
2026-09-06 05:51:00,316 [INFO] [+] Privoxy user.action (Härtung) in RAM-Disk erzeugt: /mnt/tor_ramdisk/user.action
2026-09-06 05:51:00,317 [INFO] [+] Gehärtete Privoxy-Config in RAM-Disk erzeugt: /mnt/tor_ramdisk/privoxy.conf
2026-09-06 05:51:00,318 [INFO] [Verarbeitung] Wende strikte POSIX-Sicherheitsrechte an...
2026-09-06 05:51:00,319 [INFO] Setze strikte Dateirechte & erstelle Systempfade...
2026-09-06 05:51:00,319 [INFO] [+] Pfad /mnt/tor_ramdisk/torrc mit Rechte 0600 & User-UID 136 vorbereitet.
2026-09-06 05:51:00,320 [INFO] [Verarbeitung] Konfiguriere Windows Defender Firewall-Regeln...
2026-09-06 05:51:00,321 [INFO] Konfiguriere Windows-Firewall-Regeln für Ports 8118 (Privoxy) & 8443 (ORPort)...
2026-09-06 05:51:01,983 [INFO] [+] Firewall-Regeln erfolgreich gesetzt (8118 & 8443 TCP).
2026-09-06 05:51:01,985 [INFO] [Verarbeitung] Bereinige verwaiste Tor-Prozesse und aktiviere Tor-Dienst...
2026-09-06 05:51:01,985 [INFO] Stoppe System-Tor-Instanz (tor@default)...
2026-09-06 05:51:01,992 [INFO] Prüfe auf verwaiste Tor-Prozesse und gebe Ports frei...
2026-09-06 05:51:02,502 [INFO] [+] System-Tor gestoppt – Ports frei für den Suite-eigenen Tor (RAM-Disk).
2026-09-06 05:51:02,503 [INFO] [Verarbeitung] Starte Tor-Dienst und Stealth-Relay (warte auf Bootstrap 100%)...
2026-09-06 05:51:02,508 [INFO] [+] Dynamische torrc erfolgreich in RAM-Disk erzeugt: /mnt/tor_ramdisk/torrc
2026-09-06 05:51:02,510 [INFO] Starte Tor als direkten Prozess: tor -f /mnt/tor_ramdisk/torrc
2026-09-06 05:51:04,511 [INFO] Warte auf Tor-Bootstrap (kann bei europäischen Exit-Nodes einen Moment dauern)...
2026-09-06 05:51:17,192 [INFO] [+] Tor erfolgreich gestartet und zu 100% bootstrapped.
2026-09-06 05:51:17,193 [INFO] [*] IP-Changer gestartet (Rotation alle 120 Sekunden).
2026-09-06 05:51:17,198 [INFO] [Verarbeitung] Tor bootstrapped (100%) – aktiviere DNS-Leak-Schutz & Kill-Switch...
2026-09-06 05:51:17,203 [INFO] [+] /etc/resolv.conf gehärtet und auf lokalen Tor-DNS umgeleitet.
2026-09-06 05:51:17,207 [INFO] [+] DNS-Redirect aktiv: jeder Port-53-Aufruf -> Tor-DNSPort 5353 (kein DNS-Leak).
2026-09-06 05:51:17,212 [INFO] [+] nftables Kill-Switch aktiv (Exklusiver Outbound für Tor-UID 136, DNS-Port 5353).
2026-09-06 05:51:17,213 [INFO] [Verarbeitung] Starte gehärteten Privoxy-Proxy...
2026-09-06 05:51:17,221 [INFO] [+] Privoxy user.action (Härtung) in RAM-Disk erzeugt: /mnt/tor_ramdisk/user.action
2026-09-06 05:51:17,222 [INFO] [+] Gehärtete Privoxy-Config in RAM-Disk erzeugt: /mnt/tor_ramdisk/privoxy.conf
2026-09-06 05:51:17,223 [INFO] Starte Privoxy als direkten Prozess mit RAM-Disk-Config...
2026-09-06 05:51:18,726 [INFO] [+] Privoxy erfolgreich gestartet (Hört auf 0.0.0.0:8118).
2026-09-06 05:51:18,727 [INFO] [Ausgabe] Aktiviere Windows-Systemproxy...
2026-09-06 05:51:18,728 [INFO] Setze Windows-Systemproxy auf 172.23.220.58:8118...
2026-09-06 05:51:18,985 [INFO] [+] Windows-Systemproxy erfolgreich aktiviert (172.23.220.58:8118).

==================================================================
2026-09-06 05:51:18,986 [INFO] [SUCCESS] Tor Suite ist aktiv!
2026-09-06 05:51:18,988 [INFO]  - Privoxy Proxy: 172.23.220.58:8118
2026-09-06 05:51:18,989 [INFO]  - Tor Relay ORPort: 8443
2026-09-06 05:51:18,990 [INFO]  - IP-Rotation: Alle 120 Sekunden
2026-09-06 05:51:18,991 [INFO]  - Spurenschutz: Aktive 256MB RAM-Disk (tmpfs) + nftables Kill-Switch
==================================================================
Drücke CTRL+C zum Beenden und sauberen Aufräumen.

2026-09-06 05:53:17,221 [INFO] [+] Signal NEWNYM gesendet: Tor Exit-IP gewechselt.
2026-09-06 05:55:17,245 [INFO] [+] Signal NEWNYM gesendet: Tor Exit-IP gewechselt.
2026-09-06 05:57:19,443 [INFO] [+] Signal NEWNYM gesendet: Tor Exit-IP gewechselt.
2026-09-06 05:59:19,465 [INFO] [+] Signal NEWNYM gesendet: Tor Exit-IP gewechselt.
2026-09-06 06:01:19,487 [INFO] [+] Signal NEWNYM gesendet: Tor Exit-IP gewechselt.
2026-09-06 06:03:19,517 [INFO] [+] Signal NEWNYM gesendet: Tor Exit-IP gewechselt.
2026-09-06 06:05:19,539 [INFO] [+] Signal NEWNYM gesendet: Tor Exit-IP gewechselt.
2026-09-06 06:07:21,476 [INFO] [+] Signal NEWNYM gesendet: Tor Exit-IP gewechselt.
2026-09-06 06:09:21,497 [INFO] [+] Signal NEWNYM gesendet: Tor Exit-IP gewechselt.
2026-09-06 06:11:21,520 [INFO] [+] Signal NEWNYM gesendet: Tor Exit-IP gewechselt.
2026-09-06 06:13:26,539 [ERROR] [-] Fehler beim Verbinden mit ControlPort (9051): timed out
2026-09-06 06:15:28,070 [INFO] [+] Signal NEWNYM gesendet: Tor Exit-IP gewechselt.
2026-09-06 06:17:30,291 [INFO] [+] Signal NEWNYM gesendet: Tor Exit-IP gewechselt.
2026-09-06 06:19:30,327 [INFO] [+] Signal NEWNYM gesendet: Tor Exit-IP gewechselt.
2026-09-06 06:21:30,352 [INFO] [+] Signal NEWNYM gesendet: Tor Exit-IP gewechselt.
2026-09-06 06:23:30,382 [INFO] [+] Signal NEWNYM gesendet: Tor Exit-IP gewechselt.
2026-09-06 06:25:32,458 [INFO] [+] Signal NEWNYM gesendet: Tor Exit-IP gewechselt.
2026-09-06 06:27:32,486 [INFO] [+] Signal NEWNYM gesendet: Tor Exit-IP gewechselt.
2026-09-06 06:29:32,512 [INFO] [+] Signal NEWNYM gesendet: Tor Exit-IP gewechselt.
2026-09-06 06:31:32,540 [INFO] [+] Signal NEWNYM gesendet: Tor Exit-IP gewechselt.
[06:33:30] stop_suite.sh
SIGTERM gesendet, warte auf sauberen Shutdown...


2026-09-06 06:33:30,417 [INFO] [Cleanup] Fahre Cyberdeck Tor Suite herunter...
2026-09-06 06:33:30,419 [INFO] Deaktiviere Windows-Systemproxy...
2026-09-06 06:33:30,679 [INFO] [+] Windows-Systemproxy erfolgreich deaktiviert.
2026-09-06 06:33:30,680 [INFO] Entferne temporäre Windows-Firewall-Regeln...
2026-09-06 06:33:32,462 [INFO] [+] Windows-Firewall-Regeln sauber gelöscht.
2026-09-06 06:33:32,499 [INFO] [+] DNS-Redirect-Tabelle erfolgreich entfernt.
2026-09-06 06:33:32,519 [INFO] [+] nftables Kill-Switch Tabelle erfolgreich gelöscht.
2026-09-06 06:33:32,524 [INFO] [+] Ursprüngliche /etc/resolv.conf wiederhergestellt.
2026-09-06 06:33:32,525 [INFO] Stoppe Privoxy-Dienst...
2026-09-06 06:33:32,531 [INFO] [+] Privoxy sauber beendet.
2026-09-06 06:33:32,532 [INFO] Stoppe Tor-Prozess und IP-Changer...
2026-09-06 06:33:35,207 [INFO] [+] Tor-Prozess sauber beendet.
2026-09-06 06:33:35,209 [INFO] Stoppe tor@default...
2026-09-06 06:33:35,216 [INFO] Prüfe auf verwaiste Tor-Prozesse und gebe Ports frei...
2026-09-06 06:33:35,725 [INFO] [+] tor@default beendet.
2026-09-06 06:33:35,727 [INFO] Unmounte RAM-Disk unter /mnt/tor_ramdisk...
2026-09-06 06:33:35,750 [INFO] [+] RAM-Disk sauber unmountet und Spuren beseitigt.
2026-09-06 06:33:35,751 [INFO] [+] Shutdown abgeschlossen. Sämtliche temporären Daten wurden aus dem RAM gelöscht.
Suite gestoppt.
